1 10
2 20
3 30
4 40
5 50
301 40
302 50
401 50
402 60
501 80
502 90
5001 90
5002 100
5003 100
5004 110
